Введите два числа:
234 125
234 125 359 109 6 29250 123 234 2340 0 117
1 0 0 1
1 0 0
1 0 1
0 1 0
0 1 1
209 200
-10 10
1
2
t1(101, 102): 102
0
t1(102, 101): 102
1
t2(101, 102):66
0
1
t2(102, 101): 102
2
t3(101, 102): 66
0
t3(102, 101): 102
1
2
t4(101, 102): 102
0
t4(102, 101): 102
1
t5(101, 102): 102
0
t5(102, 101): 102
1
t6(101, 102): 102
0
2
t6(102, 101): 102
1 2 3 4
'ф1': 10
1
2
4
l1("2", 3): 55
