1 2 3 4
10 2 3 4
а = 10 б = 8.900000 а == б: 0 а != б: 1
а = 10.0:1
а = 10.1:0
(а = 10.1) = 0:1
б = 8:0
б = 8.9:1
а < 10:0
а <= 10:1
а > 10:0
а >= 10:1
б < 10:1
б <= 10:1
б <= б:1
б > 10:0
б >= 10:0
б >= 8.9:1
(б < 10) == (а = 10):1
б < 10 = а = 0:1
а = 0 б = 8.900000 а и б: 0 а или б: 1 а и б или б и а: 0 (а и б или б) или а: 1
